<html>
<body>
<pre>
<h1>µVision Build Log</h1>
<h2>Tool Versions:</h2>
IDE-Version: µVision V5.26.2.0
Copyright (C) 2018 ARM Ltd and ARM Germany GmbH. All rights reserved.
License Information: Oleksandr Holubovskiy, ELUpay, LIC=----
 
Tool Versions:
Toolchain:       MDK-Lite  Version: 5.26.2.0
Toolchain Path:  C:\Keil_v5\ARM\ARMCC\Bin
C Compiler:      Armcc.exe V5.06 update 6 (build 750)
Assembler:       Armasm.exe V5.06 update 6 (build 750)
Linker/Locator:  ArmLink.exe V5.06 update 6 (build 750)
Library Manager: ArmAr.exe V5.06 update 6 (build 750)
Hex Converter:   FromElf.exe V5.06 update 6 (build 750)
CPU DLL:         SARMCM3.DLL V5.26.2.0
Dialog DLL:      DCM.DLL V1.17.2.0
Target DLL:      STLink\ST-LINKIII-KEIL_SWO.dll V3.0.5.0
Dialog DLL:      TCM.DLL V1.36.1.0
 
<h2>Project:</h2>
C:\ELUPay\rs232 adapter\new_version\adapterf103\MDK-ARM\adapter.uvprojx
Project File Date:  04/27/2020

<h2>Output:</h2>
*** Using Compiler 'V5.06 update 6 (build 750)', folder: 'C:\Keil_v5\ARM\ARMCC\Bin'
Rebuild target 'adapter'
assembling startup_stm32f103xb.s...
compiling 3x4keyboard.c...
compiling bposLight.c...
..\Src\bposLight.c(833): warning:  #223-D: function "atoi" declared implicitly
                                                recivedResp.RC=atoi(last2); 
..\Src\bposLight.c(892): warning:  #223-D: function "atoi" declared implicitly
                                recivedResp.SIGN=atoi(last2);
..\Src\bposLight.c(899): warning:  #223-D: function "atoi" declared implicitly
                                recivedResp.INVOICE=atoi(last2);
..\Src\bposLight.c(906): warning:  #223-D: function "atoi" declared implicitly
                                recivedResp.BATCH=atoi(last2);
..\Src\bposLight.c: 4 warnings, 0 errors
compiling main.c...
compiling gpio.c...
compiling tim.c...
../Src/tim.c(55): warning:  #69-D: integer conversion resulted in truncation
    TIM_InitStruct.Prescaler = 36000-LL_TIM_IC_FILTER_FDIV1_N2;
../Src/tim.c: 1 warning, 0 errors
compiling usart.c...
compiling stm32f1xx_it.c...
compiling stm32f1xx_ll_gpio.c...
compiling stm32f1xx_ll_pwr.c...
compiling stm32f1xx_ll_exti.c...
compiling stm32f1xx_ll_tim.c...
compiling stm32f1xx_ll_dma.c...
compiling stm32f1xx_ll_usart.c...
compiling stm32f1xx_ll_rcc.c...
compiling stm32f1xx_ll_utils.c...
compiling system_stm32f1xx.c...
linking...
Program Size: Code=5924 RO-data=648 RW-data=36 ZI-data=1940  
FromELF: creating hex file...
"adapter\adapter.axf" - 0 Error(s), 5 Warning(s).

<h2>Software Packages used:</h2>

Package Vendor: ARM
                http://www.keil.com/pack/ARM.CMSIS.5.4.0.pack
                ARM.CMSIS.5.4.0
                CMSIS (Cortex Microcontroller Software Interface Standard)
   * Component: CORE Version: 5.1.2

Package Vendor: Keil
                http://www.keil.com/pack/Keil.STM32F1xx_DFP.2.3.0.pack
                Keil.STM32F1xx_DFP.2.3.0
                STMicroelectronics STM32F1 Series Device Support, Drivers and Examples

<h2>Collection of Component include folders:</h2>
  .\RTE\_adapter
  C:\Keil_v5\ARM\PACK\ARM\CMSIS\5.4.0\CMSIS\Core\Include
  C:\Keil_v5\ARM\PACK\Keil\STM32F1xx_DFP\2.3.0\Device\Include

<h2>Collection of Component Files used:</h2>

   * Component: ARM::CMSIS:CORE:5.1.2
Build Time Elapsed:  00:00:11
</pre>
</body>
</html>
